Archive member included because of file (symbol)

Libraries/libstm32f0.a(stm32f0xx_gpio.o)
                              /tmp/ccCEshbj.o (GPIO_Init)
Libraries/libstm32f0.a(stm32f0xx_misc.o)
                              /tmp/ccCEshbj.o (NVIC_Init)
Libraries/libstm32f0.a(stm32f0xx_rcc.o)
                              /tmp/ccCEshbj.o (RCC_AHBPeriphClockCmd)
Libraries/libstm32f0.a(stm32f0xx_usart.o)
                              /tmp/ccCEshbj.o (USART_Init)
/home/mas/Projekt/arm-2012.09/bin/../lib/gcc/arm-none-eabi/4.7.2/armv6-m/libgcc.a(_udivsi3.o)
                              /tmp/ccCEshbj.o (__aeabi_uidiv)
/home/mas/Projekt/arm-2012.09/bin/../lib/gcc/arm-none-eabi/4.7.2/armv6-m/libgcc.a(_dvmd_tls.o)
                              /home/mas/Projekt/arm-2012.09/bin/../lib/gcc/arm-none-eabi/4.7.2/armv6-m/libgcc.a(_udivsi3.o) (__aeabi_idiv0)
/home/mas/Projekt/arm-2012.09/bin/../lib/gcc/arm-none-eabi/4.7.2/../../../../arm-none-eabi/lib/armv6-m/libc.a(lib_a-init.o)
                              /tmp/ccaGkBoT.o (__libc_init_array)

Allocating common symbols
Common symbol       size              file

scratchpad          0x9               /tmp/ccCEshbj.o
commands            0x4               /tmp/cc4A3QbZ.o

Discarded input sections

 .text          0x00000000        0x0 /home/mas/Projekt/arm-2012.09/bin/../lib/gcc/arm-none-eabi/4.7.2/armv6-m/crti.o
 .data          0x00000000        0x0 /home/mas/Projekt/arm-2012.09/bin/../lib/gcc/arm-none-eabi/4.7.2/armv6-m/crti.o
 .bss           0x00000000        0x0 /home/mas/Projekt/arm-2012.09/bin/../lib/gcc/arm-none-eabi/4.7.2/armv6-m/crti.o
 .text          0x00000000       0xbc /home/mas/Projekt/arm-2012.09/bin/../lib/gcc/arm-none-eabi/4.7.2/armv6-m/crtbegin.o
 .data          0x00000000        0x4 /home/mas/Projekt/arm-2012.09/bin/../lib/gcc/arm-none-eabi/4.7.2/armv6-m/crtbegin.o
 .bss           0x00000000       0x1c /home/mas/Projekt/arm-2012.09/bin/../lib/gcc/arm-none-eabi/4.7.2/armv6-m/crtbegin.o
 .init_array    0x00000000        0x4 /home/mas/Projekt/arm-2012.09/bin/../lib/gcc/arm-none-eabi/4.7.2/armv6-m/crtbegin.o
 .fini_array    0x00000000        0x4 /home/mas/Projekt/arm-2012.09/bin/../lib/gcc/arm-none-eabi/4.7.2/armv6-m/crtbegin.o
 .eh_frame      0x00000000        0x0 /home/mas/Projekt/arm-2012.09/bin/../lib/gcc/arm-none-eabi/4.7.2/armv6-m/crtbegin.o
 .jcr           0x00000000        0x0 /home/mas/Projekt/arm-2012.09/bin/../lib/gcc/arm-none-eabi/4.7.2/armv6-m/crtbegin.o
 .tm_clone_table
                0x00000000        0x0 /home/mas/Projekt/arm-2012.09/bin/../lib/gcc/arm-none-eabi/4.7.2/armv6-m/crtbegin.o
 .ARM.attributes
                0x00000000       0x2b /home/mas/Projekt/arm-2012.09/bin/../lib/gcc/arm-none-eabi/4.7.2/armv6-m/crtbegin.o
 .text          0x00000000        0x0 /tmp/ccCEshbj.o
 .data          0x00000000        0x0 /tmp/ccCEshbj.o
 .bss           0x00000000        0x0 /tmp/ccCEshbj.o
 .text          0x00000000        0x0 /tmp/ccoho9K5.o
 .data          0x00000000        0x0 /tmp/ccoho9K5.o
 .bss           0x00000000        0x0 /tmp/ccoho9K5.o
 .text.SystemCoreClockUpdate
                0x00000000       0x68 /tmp/ccoho9K5.o
 .data.AHBPrescTable
                0x00000000       0x10 /tmp/ccoho9K5.o
 .text          0x00000000        0x0 /tmp/cc4A3QbZ.o
 .data          0x00000000        0x0 /tmp/cc4A3QbZ.o
 .bss           0x00000000        0x0 /tmp/cc4A3QbZ.o
 .text          0x00000000       0x14 /tmp/ccaGkBoT.o
 .data          0x00000000        0x0 /tmp/ccaGkBoT.o
 .bss           0x00000000        0x0 /tmp/ccaGkBoT.o
 .data          0x00000000        0x0 Libraries/libstm32f0.a(stm32f0xx_gpio.o)
 .bss           0x00000000        0x0 Libraries/libstm32f0.a(stm32f0xx_gpio.o)
 .data          0x00000000        0x0 Libraries/libstm32f0.a(stm32f0xx_misc.o)
 .bss           0x00000000        0x0 Libraries/libstm32f0.a(stm32f0xx_misc.o)
 .bss           0x00000000        0x0 Libraries/libstm32f0.a(stm32f0xx_rcc.o)
 .data          0x00000000        0x0 Libraries/libstm32f0.a(stm32f0xx_usart.o)
 .bss           0x00000000        0x0 Libraries/libstm32f0.a(stm32f0xx_usart.o)
 .data          0x00000000        0x0 /home/mas/Projekt/arm-2012.09/bin/../lib/gcc/arm-none-eabi/4.7.2/armv6-m/libgcc.a(_udivsi3.o)
 .bss           0x00000000        0x0 /home/mas/Projekt/arm-2012.09/bin/../lib/gcc/arm-none-eabi/4.7.2/armv6-m/libgcc.a(_udivsi3.o)
 .data          0x00000000        0x0 /home/mas/Projekt/arm-2012.09/bin/../lib/gcc/arm-none-eabi/4.7.2/armv6-m/libgcc.a(_dvmd_tls.o)
 .bss           0x00000000        0x0 /home/mas/Projekt/arm-2012.09/bin/../lib/gcc/arm-none-eabi/4.7.2/armv6-m/libgcc.a(_dvmd_tls.o)
 .data          0x00000000        0x0 /home/mas/Projekt/arm-2012.09/bin/../lib/gcc/arm-none-eabi/4.7.2/../../../../arm-none-eabi/lib/armv6-m/libc.a(lib_a-init.o)
 .bss           0x00000000        0x0 /home/mas/Projekt/arm-2012.09/bin/../lib/gcc/arm-none-eabi/4.7.2/../../../../arm-none-eabi/lib/armv6-m/libc.a(lib_a-init.o)
 .text          0x00000000        0x0 /home/mas/Projekt/arm-2012.09/bin/../lib/gcc/arm-none-eabi/4.7.2/armv6-m/crtend.o
 .data          0x00000000        0x0 /home/mas/Projekt/arm-2012.09/bin/../lib/gcc/arm-none-eabi/4.7.2/armv6-m/crtend.o
 .bss           0x00000000        0x0 /home/mas/Projekt/arm-2012.09/bin/../lib/gcc/arm-none-eabi/4.7.2/armv6-m/crtend.o
 .eh_frame      0x00000000        0x4 /home/mas/Projekt/arm-2012.09/bin/../lib/gcc/arm-none-eabi/4.7.2/armv6-m/crtend.o
 .jcr           0x00000000        0x4 /home/mas/Projekt/arm-2012.09/bin/../lib/gcc/arm-none-eabi/4.7.2/armv6-m/crtend.o
 .tm_clone_table
                0x00000000        0x0 /home/mas/Projekt/arm-2012.09/bin/../lib/gcc/arm-none-eabi/4.7.2/armv6-m/crtend.o
 .ARM.attributes
                0x00000000       0x2b /home/mas/Projekt/arm-2012.09/bin/../lib/gcc/arm-none-eabi/4.7.2/armv6-m/crtend.o
 .text          0x00000000        0x0 /home/mas/Projekt/arm-2012.09/bin/../lib/gcc/arm-none-eabi/4.7.2/armv6-m/crtn.o
 .data          0x00000000        0x0 /home/mas/Projekt/arm-2012.09/bin/../lib/gcc/arm-none-eabi/4.7.2/armv6-m/crtn.o
 .bss           0x00000000        0x0 /home/mas/Projekt/arm-2012.09/bin/../lib/gcc/arm-none-eabi/4.7.2/armv6-m/crtn.o

Memory Configuration

Name             Origin             Length             Attributes
FLASH            0x08000000         0x00010000         xr
RAM              0x20000000         0x00002000         xrw
*default*        0x00000000         0xffffffff

Linker script and memory map

LOAD /home/mas/Projekt/arm-2012.09/bin/../lib/gcc/arm-none-eabi/4.7.2/armv6-m/crti.o
LOAD /home/mas/Projekt/arm-2012.09/bin/../lib/gcc/arm-none-eabi/4.7.2/armv6-m/crtbegin.o
LOAD /tmp/ccCEshbj.o
LOAD /tmp/ccoho9K5.o
LOAD /tmp/cc4A3QbZ.o
LOAD /tmp/ccaGkBoT.o
LOAD Libraries/libstm32f0.a
START GROUP
LOAD /home/mas/Projekt/arm-2012.09/bin/../lib/gcc/arm-none-eabi/4.7.2/armv6-m/libgcc.a
LOAD /home/mas/Projekt/arm-2012.09/bin/../lib/gcc/arm-none-eabi/4.7.2/../../../../arm-none-eabi/lib/armv6-m/libc.a
END GROUP
LOAD /home/mas/Projekt/arm-2012.09/bin/../lib/gcc/arm-none-eabi/4.7.2/armv6-m/crtend.o
LOAD /home/mas/Projekt/arm-2012.09/bin/../lib/gcc/arm-none-eabi/4.7.2/armv6-m/crtn.o
                0x20002000                _estack = 0x20002000
                0x00000400                _Min_Heap_Size = 0x400
                0x00000400                _Min_Stack_Size = 0x400

.isr_vector     0x08000000       0xc4
                0x08000000                . = ALIGN (0x4)
 *(.isr_vector)
 .isr_vector    0x08000000       0xc4 /tmp/ccaGkBoT.o
                0x08000000                g_pfnVectors
                0x080000c4                . = ALIGN (0x4)

.text           0x080000c4     0x1440
                0x080000c4                . = ALIGN (0x4)
 *(.text)
 .text          0x080000c4      0x1f8 Libraries/libstm32f0.a(stm32f0xx_gpio.o)
                0x080000c4                GPIO_DeInit
                0x08000168                GPIO_Init
                0x08000220                GPIO_StructInit
                0x08000238                GPIO_PinLockConfig
                0x0800025c                GPIO_ReadInputDataBit
                0x08000268                GPIO_ReadInputData
                0x0800026c                GPIO_ReadOutputDataBit
                0x08000278                GPIO_ReadOutputData
                0x0800027c                GPIO_SetBits
                0x08000280                GPIO_ResetBits
                0x08000284                GPIO_WriteBit
                0x08000294                GPIO_Write
                0x08000298                GPIO_PinAFConfig
 .text          0x080002bc       0x90 Libraries/libstm32f0.a(stm32f0xx_misc.o)
                0x080002bc                NVIC_Init
                0x08000314                NVIC_SystemLPConfig
                0x08000330                SysTick_CLKSourceConfig
 .text          0x0800034c      0x564 Libraries/libstm32f0.a(stm32f0xx_rcc.o)
                0x0800034c                RCC_DeInit
                0x080003ac                RCC_HSEConfig
                0x080003bc                RCC_AdjustHSICalibrationValue
                0x080003d0                RCC_HSICmd
                0x080003f0                RCC_AdjustHSI14CalibrationValue
                0x08000404                RCC_HSI14Cmd
                0x08000424                RCC_HSI14ADCRequestCmd
                0x08000444                RCC_LSEConfig
                0x08000464                RCC_LSEDriveConfig
                0x0800047c                RCC_LSICmd
                0x0800049c                RCC_PLLConfig
                0x080004bc                RCC_PLLCmd
                0x080004e0                RCC_PREDIV1Config
                0x080004f4                RCC_ClockSecuritySystemCmd
                0x08000518                RCC_MCOConfig
                0x08000524                RCC_SYSCLKConfig
                0x08000538                RCC_GetSYSCLKSource
                0x08000548                RCC_HCLKConfig
                0x0800055c                RCC_PCLKConfig
                0x08000574                RCC_ADCCLKConfig
                0x080005a8                RCC_CECCLKConfig
                0x080005c0                RCC_I2CCLKConfig
                0x080005d8                RCC_USARTCLKConfig
                0x080005f0                RCC_GetClocksFreq
                0x080006f8                RCC_RTCCLKConfig
                0x08000708                RCC_RTCCLKCmd
                0x0800072c                RCC_BackupResetCmd
                0x08000750                RCC_AHBPeriphClockCmd
                0x0800076c                RCC_APB2PeriphClockCmd
                0x08000788                RCC_APB1PeriphClockCmd
                0x080007a4                RCC_AHBPeriphResetCmd
                0x080007c0                RCC_APB2PeriphResetCmd
                0x080007dc                RCC_APB1PeriphResetCmd
                0x080007f8                RCC_ITConfig
                0x08000814                RCC_GetFlagStatus
                0x0800084c                RCC_WaitForHSEStartUp
                0x08000880                RCC_ClearFlag
                0x08000894                RCC_GetITStatus
                0x080008a4                RCC_ClearITPendingBit
 .text          0x080008b0      0x54c Libraries/libstm32f0.a(stm32f0xx_usart.o)
                0x080008b0                USART_DeInit
                0x080008f4                USART_Init
                0x08000994                USART_StructInit
                0x080009ac                USART_ClockInit
                0x080009cc                USART_ClockStructInit
                0x080009d8                USART_Cmd
                0x080009f4                USART_DirectionModeCmd
                0x08000a08                USART_OverSampling8Cmd
                0x08000a28                USART_OneBitMethodCmd
                0x08000a48                USART_MSBFirstCmd
                0x08000a68                USART_DataInvCmd
                0x08000a88                USART_InvPinCmd
                0x08000a9c                USART_SWAPPinCmd
                0x08000abc                USART_ReceiverTimeOutCmd
                0x08000adc                USART_SetReceiverTimeOut
                0x08000aec                USART_SetPrescaler
                0x08000afc                USART_STOPModeCmd
                0x08000b18                USART_StopModeWakeUpSourceConfig
                0x08000b2c                USART_AutoBaudRateCmd
                0x08000b4c                USART_AutoBaudRateConfig
                0x08000b60                USART_SendData
                0x08000b68                USART_ReceiveData
                0x08000b70                USART_SetAddress
                0x08000b84                USART_MuteModeCmd
                0x08000ba4                USART_MuteModeWakeUpConfig
                0x08000bb8                USART_AddressDetectionConfig
                0x08000bc8                USART_LINBreakDetectLengthConfig
                0x08000bd8                USART_LINCmd
                0x08000bf8                USART_HalfDuplexCmd
                0x08000c14                USART_SetGuardTime
                0x08000c28                USART_SmartCardCmd
                0x08000c44                USART_SmartCardNACKCmd
                0x08000c60                USART_SetAutoRetryCount
                0x08000c78                USART_SetBlockLength
                0x08000c8c                USART_IrDAConfig
                0x08000c9c                USART_IrDACmd
                0x08000cb8                USART_DECmd
                0x08000cd8                USART_DEPolarityConfig
                0x08000cec                USART_SetDEAssertionTime
                0x08000d04                USART_SetDEDeassertionTime
                0x08000d1c                USART_DMACmd
                0x08000d30                USART_DMAReceptionErrorConfig
                0x08000d44                USART_ITConfig
                0x08000d78                USART_RequestCmd
                0x08000d8c                USART_OverrunDetectionConfig
                0x08000da0                USART_GetFlagStatus
                0x08000dac                USART_ClearFlag
                0x08000db0                USART_GetITStatus
                0x08000df0                USART_ClearITPendingBit
 .text          0x08000dfc       0x9c /home/mas/Projekt/arm-2012.09/bin/../lib/gcc/arm-none-eabi/4.7.2/armv6-m/libgcc.a(_udivsi3.o)
                0x08000dfc                __udivsi3
                0x08000dfc                __aeabi_uidiv
                0x08000e84                __aeabi_uidivmod
 .text          0x08000e98        0x4 /home/mas/Projekt/arm-2012.09/bin/../lib/gcc/arm-none-eabi/4.7.2/armv6-m/libgcc.a(_dvmd_tls.o)
                0x08000e98                __aeabi_ldiv0
                0x08000e98                __aeabi_idiv0
 .text          0x08000e9c       0x44 /home/mas/Projekt/arm-2012.09/bin/../lib/gcc/arm-none-eabi/4.7.2/../../../../arm-none-eabi/lib/armv6-m/libc.a(lib_a-init.o)
                0x08000e9c                __libc_init_array
 *(.text.*)
 .text.USART1_Config
                0x08000ee0       0x98 /tmp/ccCEshbj.o
                0x08000ee0                USART1_Config
 .text.USART2_Config
                0x08000f78       0x94 /tmp/ccCEshbj.o
                0x08000f78                USART2_Config
 .text.LED_Config
                0x0800100c       0x30 /tmp/ccCEshbj.o
                0x0800100c                LED_Config
 .text.USART2_SetSpeed
                0x0800103c       0x38 /tmp/ccCEshbj.o
                0x0800103c                USART2_SetSpeed
 .text.TReset   0x08001074       0x30 /tmp/ccCEshbj.o
                0x08001074                TReset
 .text.TWriteByte
                0x080010a4       0x34 /tmp/ccCEshbj.o
                0x080010a4                TWriteByte
 .text.TReadByte
                0x080010d8       0x40 /tmp/ccCEshbj.o
                0x080010d8                TReadByte
 .text.TReadBit
                0x08001118       0x30 /tmp/ccCEshbj.o
                0x08001118                TReadBit
 .text.ConvertTemp
                0x08001148       0x24 /tmp/ccCEshbj.o
                0x08001148                ConvertTemp
 .text.ReadTemp
                0x0800116c       0x54 /tmp/ccCEshbj.o
                0x0800116c                ReadTemp
 .text.startup.main
                0x080011c0       0xa4 /tmp/ccCEshbj.o
                0x080011c0                main
 .text.SystemInit
                0x08001264       0xf4 /tmp/ccoho9K5.o
                0x08001264                SystemInit
 .text.NMI_Handler
                0x08001358        0x2 /tmp/cc4A3QbZ.o
                0x08001358                NMI_Handler
 .text.HardFault_Handler
                0x0800135a        0x4 /tmp/cc4A3QbZ.o
                0x0800135a                HardFault_Handler
 .text.SVC_Handler
                0x0800135e        0x2 /tmp/cc4A3QbZ.o
                0x0800135e                SVC_Handler
 .text.PendSV_Handler
                0x08001360        0x2 /tmp/cc4A3QbZ.o
                0x08001360                PendSV_Handler
 *fill*         0x08001362        0x2 
 .text.USART1_IRQHandler
                0x08001364       0x84 /tmp/cc4A3QbZ.o
                0x08001364                USART1_IRQHandler
 .text.USART2_IRQHandler
                0x080013e8       0x68 /tmp/cc4A3QbZ.o
                0x080013e8                USART2_IRQHandler
 .text.SysTick_Handler
                0x08001450       0x48 /tmp/cc4A3QbZ.o
                0x08001450                SysTick_Handler
 .text.Reset_Handler
                0x08001498       0x50 /tmp/ccaGkBoT.o
                0x08001498                Reset_Handler
 .text.Default_Handler
                0x080014e8        0x2 /tmp/ccaGkBoT.o
                0x080014e8                TIM1_CC_IRQHandler
                0x080014e8                ADC1_COMP_IRQHandler
                0x080014e8                PVD_IRQHandler
                0x080014e8                I2C1_IRQHandler
                0x080014e8                SPI1_IRQHandler
                0x080014e8                TIM6_DAC_IRQHandler
                0x080014e8                EXTI2_3_IRQHandler
                0x080014e8                I2C2_IRQHandler
                0x080014e8                TIM17_IRQHandler
                0x080014e8                RTC_IRQHandler
                0x080014e8                TIM16_IRQHandler
                0x080014e8                TIM3_IRQHandler
                0x080014e8                EXTI4_15_IRQHandler
                0x080014e8                RCC_IRQHandler
                0x080014e8                DMA1_Channel1_IRQHandler
                0x080014e8                Default_Handler
                0x080014e8                CEC_IRQHandler
                0x080014e8                TIM14_IRQHandler
                0x080014e8                DMA1_Channel4_5_IRQHandler
                0x080014e8                TIM15_IRQHandler
                0x080014e8                EXTI0_1_IRQHandler
                0x080014e8                SPI2_IRQHandler
                0x080014e8                TS_IRQHandler
                0x080014e8                WWDG_IRQHandler
                0x080014e8                TIM2_IRQHandler
                0x080014e8                DMA1_Channel2_3_IRQHandler
                0x080014e8                FLASH_IRQHandler
                0x080014e8                TIM1_BRK_UP_TRG_COM_IRQHandler
 *(.rodata)
 *(.rodata*)
 *(.glue_7)
 .glue_7        0x00000000        0x0 linker stubs
 *(.glue_7t)
 .glue_7t       0x00000000        0x0 linker stubs
 *(.init)
 *fill*         0x080014ea        0x2 
 .init          0x080014ec        0x4 /home/mas/Projekt/arm-2012.09/bin/../lib/gcc/arm-none-eabi/4.7.2/armv6-m/crti.o
                0x080014ec                _init
 .init          0x080014f0        0x8 /home/mas/Projekt/arm-2012.09/bin/../lib/gcc/arm-none-eabi/4.7.2/armv6-m/crtn.o
 *(.fini)
 .fini          0x080014f8        0x4 /home/mas/Projekt/arm-2012.09/bin/../lib/gcc/arm-none-eabi/4.7.2/armv6-m/crti.o
                0x080014f8                _fini
 .fini          0x080014fc        0x8 /home/mas/Projekt/arm-2012.09/bin/../lib/gcc/arm-none-eabi/4.7.2/armv6-m/crtn.o
                0x08001504                . = ALIGN (0x4)
                0x08001504                _etext = .
                0x08001504                _sidata = _etext

.vfp11_veneer   0x08001504        0x0
 .vfp11_veneer  0x00000000        0x0 linker stubs

.v4_bx          0x08001504        0x0
 .v4_bx         0x00000000        0x0 linker stubs

.iplt           0x08001504        0x0
 .iplt          0x00000000        0x0 /home/mas/Projekt/arm-2012.09/bin/../lib/gcc/arm-none-eabi/4.7.2/armv6-m/crtbegin.o

.rel.dyn        0x08001504        0x0
 .rel.iplt      0x00000000        0x0 /home/mas/Projekt/arm-2012.09/bin/../lib/gcc/arm-none-eabi/4.7.2/armv6-m/crtbegin.o

.data           0x20000000       0x14 load address 0x08001504
                0x20000000                . = ALIGN (0x4)
                0x20000000                _sdata = .
                0x20000000                _data = .
 *(.data)
 .data          0x20000000       0x10 Libraries/libstm32f0.a(stm32f0xx_rcc.o)
 *(.data.*)
 .data.SystemCoreClock
                0x20000010        0x4 /tmp/ccoho9K5.o
                0x20000010                SystemCoreClock
 *(.RAMtext)
                0x20000014                . = ALIGN (0x4)
                0x20000014                _edata = .

.igot.plt       0x20000014        0x0 load address 0x08001518
 .igot.plt      0x00000000        0x0 /home/mas/Projekt/arm-2012.09/bin/../lib/gcc/arm-none-eabi/4.7.2/armv6-m/crtbegin.o

.bss            0x20000014       0x24 load address 0x08001518
                0x20000014                . = ALIGN (0x4)
                0x20000014                _sbss = .
                0x20000014                _bss = .
 *(.bss)
 *(.bss.*)
 .bss.done      0x20000014        0x4 /tmp/cc4A3QbZ.o
                0x20000014                done
 .bss.temperature
                0x20000018        0x1 /tmp/cc4A3QbZ.o
                0x20000018                temperature
 *fill*         0x20000019        0x3 
 .bss.count     0x2000001c        0x4 /tmp/cc4A3QbZ.o
                0x2000001c                count
 .bss.input     0x20000020        0x1 /tmp/cc4A3QbZ.o
                0x20000020                input
 *fill*         0x20000021        0x3 
 .bss.c         0x20000024        0x4 /tmp/cc4A3QbZ.o
                0x20000024                c
 *(COMMON)
 COMMON         0x20000028        0x9 /tmp/ccCEshbj.o
                0x20000028                scratchpad
 *fill*         0x20000031        0x3 
 COMMON         0x20000034        0x4 /tmp/cc4A3QbZ.o
                0x20000034                commands
                0x20000038                . = ALIGN (0x4)
                0x20000038                _ebss = .
                0x20000038                PROVIDE (end, _ebss)
                0x20000038                PROVIDE (_end, _ebss)
                0x20000038                __exidx_start = .
                0x20000038                __exidx_end = .

._user_heap_stack
                0x20000038      0x800 load address 0x0800153c
                0x20000038                . = ALIGN (0x4)
                0x20000038                PROVIDE (end, .)
                0x20000038                PROVIDE (_end, .)
                0x20000438                . = (. + _Min_Heap_Size)
 *fill*         0x20000038      0x400 
                0x20000838                . = (. + _Min_Stack_Size)
 *fill*         0x20000438      0x400 
                0x20000838                . = ALIGN (0x4)

/DISCARD/
 libc.a(*)
 libm.a(*)
 libgcc.a(*)

.stab
 *(.stab)

.stabstr
 *(.stabstr)

.stab.excl
 *(.stab.excl)

.stab.exclstr
 *(.stab.exclstr)

.stab.index
 *(.stab.index)

.stab.indexstr
 *(.stab.indexstr)

.comment        0x00000000       0x30
 *(.comment)
 .comment       0x00000000       0x30 /tmp/ccCEshbj.o
                                 0x31 (size before relaxing)
 .comment       0x00000000       0x31 /tmp/ccoho9K5.o
 .comment       0x00000000       0x31 /tmp/cc4A3QbZ.o
 .comment       0x00000000       0x31 Libraries/libstm32f0.a(stm32f0xx_gpio.o)
 .comment       0x00000000       0x31 Libraries/libstm32f0.a(stm32f0xx_misc.o)
 .comment       0x00000000       0x31 Libraries/libstm32f0.a(stm32f0xx_rcc.o)
 .comment       0x00000000       0x31 Libraries/libstm32f0.a(stm32f0xx_usart.o)

.ARM.attributes
                0x00000000       0x2d
 .ARM.attributes
                0x00000000       0x1d /home/mas/Projekt/arm-2012.09/bin/../lib/gcc/arm-none-eabi/4.7.2/armv6-m/crti.o
 .ARM.attributes
                0x0000001d       0x31 /tmp/ccCEshbj.o
 .ARM.attributes
                0x0000004e       0x31 /tmp/ccoho9K5.o
 .ARM.attributes
                0x0000007f       0x31 /tmp/cc4A3QbZ.o
 .ARM.attributes
                0x000000b0       0x21 /tmp/ccaGkBoT.o
 .ARM.attributes
                0x000000d1       0x31 Libraries/libstm32f0.a(stm32f0xx_gpio.o)
 .ARM.attributes
                0x00000102       0x31 Libraries/libstm32f0.a(stm32f0xx_misc.o)
 .ARM.attributes
                0x00000133       0x31 Libraries/libstm32f0.a(stm32f0xx_rcc.o)
 .ARM.attributes
                0x00000164       0x31 Libraries/libstm32f0.a(stm32f0xx_usart.o)
 .ARM.attributes
                0x00000195       0x1d /home/mas/Projekt/arm-2012.09/bin/../lib/gcc/arm-none-eabi/4.7.2/armv6-m/libgcc.a(_udivsi3.o)
 .ARM.attributes
                0x000001b2       0x1d /home/mas/Projekt/arm-2012.09/bin/../lib/gcc/arm-none-eabi/4.7.2/armv6-m/libgcc.a(_dvmd_tls.o)
 .ARM.attributes
                0x000001cf       0x2b /home/mas/Projekt/arm-2012.09/bin/../lib/gcc/arm-none-eabi/4.7.2/../../../../arm-none-eabi/lib/armv6-m/libc.a(lib_a-init.o)
 .ARM.attributes
                0x000001fa       0x1d /home/mas/Projekt/arm-2012.09/bin/../lib/gcc/arm-none-eabi/4.7.2/armv6-m/crtn.o

.debug
 *(.debug)

.line
 *(.line)

.debug_srcinfo
 *(.debug_srcinfo)

.debug_sfnames
 *(.debug_sfnames)

.debug_aranges  0x00000000      0x190
 *(.debug_aranges)
 .debug_aranges
                0x00000000       0x70 /tmp/ccCEshbj.o
 .debug_aranges
                0x00000070       0x28 /tmp/ccoho9K5.o
 .debug_aranges
                0x00000098       0x50 /tmp/cc4A3QbZ.o
 .debug_aranges
                0x000000e8       0x28 /tmp/ccaGkBoT.o
 .debug_aranges
                0x00000110       0x20 Libraries/libstm32f0.a(stm32f0xx_gpio.o)
 .debug_aranges
                0x00000130       0x20 Libraries/libstm32f0.a(stm32f0xx_misc.o)
 .debug_aranges
                0x00000150       0x20 Libraries/libstm32f0.a(stm32f0xx_rcc.o)
 .debug_aranges
                0x00000170       0x20 Libraries/libstm32f0.a(stm32f0xx_usart.o)

.debug_pubnames
 *(.debug_pubnames)

.debug_info     0x00000000     0x3ed7
 *(.debug_info .gnu.linkonce.wi.*)
 .debug_info    0x00000000      0xf87 /tmp/ccCEshbj.o
 .debug_info    0x00000f87      0x332 /tmp/ccoho9K5.o
 .debug_info    0x000012b9      0x68d /tmp/cc4A3QbZ.o
 .debug_info    0x00001946       0x5a /tmp/ccaGkBoT.o
 .debug_info    0x000019a0      0x735 Libraries/libstm32f0.a(stm32f0xx_gpio.o)
 .debug_info    0x000020d5      0x39c Libraries/libstm32f0.a(stm32f0xx_misc.o)
 .debug_info    0x00002471      0xa88 Libraries/libstm32f0.a(stm32f0xx_rcc.o)
 .debug_info    0x00002ef9      0xfde Libraries/libstm32f0.a(stm32f0xx_usart.o)

.debug_abbrev   0x00000000      0xd2c
 *(.debug_abbrev)
 .debug_abbrev  0x00000000      0x2a3 /tmp/ccCEshbj.o
 .debug_abbrev  0x000002a3      0x150 /tmp/ccoho9K5.o
 .debug_abbrev  0x000003f3      0x19e /tmp/cc4A3QbZ.o
 .debug_abbrev  0x00000591       0x12 /tmp/ccaGkBoT.o
 .debug_abbrev  0x000005a3      0x1ec Libraries/libstm32f0.a(stm32f0xx_gpio.o)
 .debug_abbrev  0x0000078f      0x136 Libraries/libstm32f0.a(stm32f0xx_misc.o)
 .debug_abbrev  0x000008c5      0x266 Libraries/libstm32f0.a(stm32f0xx_rcc.o)
 .debug_abbrev  0x00000b2b      0x201 Libraries/libstm32f0.a(stm32f0xx_usart.o)

.debug_line     0x00000000     0x10ad
 *(.debug_line)
 .debug_line    0x00000000      0x340 /tmp/ccCEshbj.o
 .debug_line    0x00000340      0x14e /tmp/ccoho9K5.o
 .debug_line    0x0000048e      0x1a7 /tmp/cc4A3QbZ.o
 .debug_line    0x00000635       0x7d /tmp/ccaGkBoT.o
 .debug_line    0x000006b2      0x1d7 Libraries/libstm32f0.a(stm32f0xx_gpio.o)
 .debug_line    0x00000889      0x169 Libraries/libstm32f0.a(stm32f0xx_misc.o)
 .debug_line    0x000009f2      0x347 Libraries/libstm32f0.a(stm32f0xx_rcc.o)
 .debug_line    0x00000d39      0x374 Libraries/libstm32f0.a(stm32f0xx_usart.o)

.debug_frame    0x00000000      0xaf4
 *(.debug_frame)
 .debug_frame   0x00000000      0x138 /tmp/ccCEshbj.o
 .debug_frame   0x00000138       0x48 /tmp/ccoho9K5.o
 .debug_frame   0x00000180       0xa0 /tmp/cc4A3QbZ.o
 .debug_frame   0x00000220      0x11c Libraries/libstm32f0.a(stm32f0xx_gpio.o)
 .debug_frame   0x0000033c       0x5c Libraries/libstm32f0.a(stm32f0xx_misc.o)
 .debug_frame   0x00000398      0x320 Libraries/libstm32f0.a(stm32f0xx_rcc.o)
 .debug_frame   0x000006b8      0x3f0 Libraries/libstm32f0.a(stm32f0xx_usart.o)
 .debug_frame   0x00000aa8       0x20 /home/mas/Projekt/arm-2012.09/bin/../lib/gcc/arm-none-eabi/4.7.2/armv6-m/libgcc.a(_udivsi3.o)
 .debug_frame   0x00000ac8       0x2c /home/mas/Projekt/arm-2012.09/bin/../lib/gcc/arm-none-eabi/4.7.2/../../../../arm-none-eabi/lib/armv6-m/libc.a(lib_a-init.o)

.debug_str      0x00000000     0x155c
 *(.debug_str)
 .debug_str     0x00000000      0x722 /tmp/ccCEshbj.o
                                0x769 (size before relaxing)
 .debug_str     0x00000722       0xf4 /tmp/ccoho9K5.o
                                0x1ea (size before relaxing)
 .debug_str     0x00000816       0xad /tmp/cc4A3QbZ.o
                                0x269 (size before relaxing)
 .debug_str     0x000008c3      0x19d Libraries/libstm32f0.a(stm32f0xx_gpio.o)
                                0x42a (size before relaxing)
 .debug_str     0x00000a60       0xa0 Libraries/libstm32f0.a(stm32f0xx_misc.o)
                                0x279 (size before relaxing)
 .debug_str     0x00000b00      0x463 Libraries/libstm32f0.a(stm32f0xx_rcc.o)
                                0x69d (size before relaxing)
 .debug_str     0x00000f63      0x5f9 Libraries/libstm32f0.a(stm32f0xx_usart.o)
                                0x90b (size before relaxing)

.debug_loc      0x00000000     0x20aa
 *(.debug_loc)
 .debug_loc     0x00000000      0x2bd /tmp/ccCEshbj.o
 .debug_loc     0x000002bd      0x19e /tmp/ccoho9K5.o
 .debug_loc     0x0000045b       0x93 /tmp/cc4A3QbZ.o
 .debug_loc     0x000004ee      0x3f9 Libraries/libstm32f0.a(stm32f0xx_gpio.o)
 .debug_loc     0x000008e7      0x130 Libraries/libstm32f0.a(stm32f0xx_misc.o)
 .debug_loc     0x00000a17      0xa8b Libraries/libstm32f0.a(stm32f0xx_rcc.o)
 .debug_loc     0x000014a2      0xc08 Libraries/libstm32f0.a(stm32f0xx_usart.o)

.debug_macinfo
 *(.debug_macinfo)

.debug_weaknames
 *(.debug_weaknames)

.debug_funcnames
 *(.debug_funcnames)

.debug_typenames
 *(.debug_typenames)

.debug_varnames
 *(.debug_varnames)
OUTPUT(main.elf elf32-littlearm)

.debug_ranges   0x00000000      0x138
 .debug_ranges  0x00000000       0x90 /tmp/ccCEshbj.o
 .debug_ranges  0x00000090       0x48 /tmp/ccoho9K5.o
 .debug_ranges  0x000000d8       0x40 /tmp/cc4A3QbZ.o
 .debug_ranges  0x00000118       0x20 /tmp/ccaGkBoT.o
