Archive member included because of file (symbol)

Libraries/libstm32f0.a(stm32f0xx_gpio.o)
                              /tmp/cc0EgTon.o (GPIO_Init)
Libraries/libstm32f0.a(stm32f0xx_misc.o)
                              /tmp/cc0EgTon.o (NVIC_Init)
Libraries/libstm32f0.a(stm32f0xx_rcc.o)
                              /tmp/cc0EgTon.o (RCC_AHBPeriphClockCmd)
Libraries/libstm32f0.a(stm32f0xx_usart.o)
                              /tmp/cc0EgTon.o (USART_Init)
/home/mas/Projekt/arm-2012.09/bin/../lib/gcc/arm-none-eabi/4.7.2/armv6-m/libgcc.a(_udivsi3.o)
                              /tmp/cc5LQnVT.o (__aeabi_uidiv)
/home/mas/Projekt/arm-2012.09/bin/../lib/gcc/arm-none-eabi/4.7.2/armv6-m/libgcc.a(_dvmd_tls.o)
                              /home/mas/Projekt/arm-2012.09/bin/../lib/gcc/arm-none-eabi/4.7.2/armv6-m/libgcc.a(_udivsi3.o) (__aeabi_idiv0)
/home/mas/Projekt/arm-2012.09/bin/../lib/gcc/arm-none-eabi/4.7.2/../../../../arm-none-eabi/lib/armv6-m/libc.a(lib_a-init.o)
                              /tmp/ccBxMbXd.o (__libc_init_array)

Allocating common symbols
Common symbol       size              file

scratchpad          0x9               /tmp/cc0EgTon.o

Discarded input sections

 .text          0x00000000        0x0 /home/mas/Projekt/arm-2012.09/bin/../lib/gcc/arm-none-eabi/4.7.2/armv6-m/crti.o
 .data          0x00000000        0x0 /home/mas/Projekt/arm-2012.09/bin/../lib/gcc/arm-none-eabi/4.7.2/armv6-m/crti.o
 .bss           0x00000000        0x0 /home/mas/Projekt/arm-2012.09/bin/../lib/gcc/arm-none-eabi/4.7.2/armv6-m/crti.o
 .text          0x00000000       0xbc /home/mas/Projekt/arm-2012.09/bin/../lib/gcc/arm-none-eabi/4.7.2/armv6-m/crtbegin.o
 .data          0x00000000        0x4 /home/mas/Projekt/arm-2012.09/bin/../lib/gcc/arm-none-eabi/4.7.2/armv6-m/crtbegin.o
 .bss           0x00000000       0x1c /home/mas/Projekt/arm-2012.09/bin/../lib/gcc/arm-none-eabi/4.7.2/armv6-m/crtbegin.o
 .init_array    0x00000000        0x4 /home/mas/Projekt/arm-2012.09/bin/../lib/gcc/arm-none-eabi/4.7.2/armv6-m/crtbegin.o
 .fini_array    0x00000000        0x4 /home/mas/Projekt/arm-2012.09/bin/../lib/gcc/arm-none-eabi/4.7.2/armv6-m/crtbegin.o
 .eh_frame      0x00000000        0x0 /home/mas/Projekt/arm-2012.09/bin/../lib/gcc/arm-none-eabi/4.7.2/armv6-m/crtbegin.o
 .jcr           0x00000000        0x0 /home/mas/Projekt/arm-2012.09/bin/../lib/gcc/arm-none-eabi/4.7.2/armv6-m/crtbegin.o
 .tm_clone_table
                0x00000000        0x0 /home/mas/Projekt/arm-2012.09/bin/../lib/gcc/arm-none-eabi/4.7.2/armv6-m/crtbegin.o
 .ARM.attributes
                0x00000000       0x2b /home/mas/Projekt/arm-2012.09/bin/../lib/gcc/arm-none-eabi/4.7.2/armv6-m/crtbegin.o
 .text          0x00000000        0x0 /tmp/cc0EgTon.o
 .data          0x00000000        0x0 /tmp/cc0EgTon.o
 .bss           0x00000000        0x0 /tmp/cc0EgTon.o
 .text          0x00000000        0x0 /tmp/cc5LQnVT.o
 .data          0x00000000        0x0 /tmp/cc5LQnVT.o
 .bss           0x00000000        0x0 /tmp/cc5LQnVT.o
 .text.SystemCoreClockUpdate
                0x00000000       0x68 /tmp/cc5LQnVT.o
 .data.AHBPrescTable
                0x00000000       0x10 /tmp/cc5LQnVT.o
 .text          0x00000000        0x0 /tmp/ccitZD3z.o
 .data          0x00000000        0x0 /tmp/ccitZD3z.o
 .bss           0x00000000        0x0 /tmp/ccitZD3z.o
 .text          0x00000000       0x14 /tmp/ccBxMbXd.o
 .data          0x00000000        0x0 /tmp/ccBxMbXd.o
 .bss           0x00000000        0x0 /tmp/ccBxMbXd.o
 .data          0x00000000        0x0 Libraries/libstm32f0.a(stm32f0xx_gpio.o)
 .bss           0x00000000        0x0 Libraries/libstm32f0.a(stm32f0xx_gpio.o)
 .data          0x00000000        0x0 Libraries/libstm32f0.a(stm32f0xx_misc.o)
 .bss           0x00000000        0x0 Libraries/libstm32f0.a(stm32f0xx_misc.o)
 .bss           0x00000000        0x0 Libraries/libstm32f0.a(stm32f0xx_rcc.o)
 .data          0x00000000        0x0 Libraries/libstm32f0.a(stm32f0xx_usart.o)
 .bss           0x00000000        0x0 Libraries/libstm32f0.a(stm32f0xx_usart.o)
 .data          0x00000000        0x0 /home/mas/Projekt/arm-2012.09/bin/../lib/gcc/arm-none-eabi/4.7.2/armv6-m/libgcc.a(_udivsi3.o)
 .bss           0x00000000        0x0 /home/mas/Projekt/arm-2012.09/bin/../lib/gcc/arm-none-eabi/4.7.2/armv6-m/libgcc.a(_udivsi3.o)
 .data          0x00000000        0x0 /home/mas/Projekt/arm-2012.09/bin/../lib/gcc/arm-none-eabi/4.7.2/armv6-m/libgcc.a(_dvmd_tls.o)
 .bss           0x00000000        0x0 /home/mas/Projekt/arm-2012.09/bin/../lib/gcc/arm-none-eabi/4.7.2/armv6-m/libgcc.a(_dvmd_tls.o)
 .data          0x00000000        0x0 /home/mas/Projekt/arm-2012.09/bin/../lib/gcc/arm-none-eabi/4.7.2/../../../../arm-none-eabi/lib/armv6-m/libc.a(lib_a-init.o)
 .bss           0x00000000        0x0 /home/mas/Projekt/arm-2012.09/bin/../lib/gcc/arm-none-eabi/4.7.2/../../../../arm-none-eabi/lib/armv6-m/libc.a(lib_a-init.o)
 .text          0x00000000        0x0 /home/mas/Projekt/arm-2012.09/bin/../lib/gcc/arm-none-eabi/4.7.2/armv6-m/crtend.o
 .data          0x00000000        0x0 /home/mas/Projekt/arm-2012.09/bin/../lib/gcc/arm-none-eabi/4.7.2/armv6-m/crtend.o
 .bss           0x00000000        0x0 /home/mas/Projekt/arm-2012.09/bin/../lib/gcc/arm-none-eabi/4.7.2/armv6-m/crtend.o
 .eh_frame      0x00000000        0x4 /home/mas/Projekt/arm-2012.09/bin/../lib/gcc/arm-none-eabi/4.7.2/armv6-m/crtend.o
 .jcr           0x00000000        0x4 /home/mas/Projekt/arm-2012.09/bin/../lib/gcc/arm-none-eabi/4.7.2/armv6-m/crtend.o
 .tm_clone_table
                0x00000000        0x0 /home/mas/Projekt/arm-2012.09/bin/../lib/gcc/arm-none-eabi/4.7.2/armv6-m/crtend.o
 .ARM.attributes
                0x00000000       0x2b /home/mas/Projekt/arm-2012.09/bin/../lib/gcc/arm-none-eabi/4.7.2/armv6-m/crtend.o
 .text          0x00000000        0x0 /home/mas/Projekt/arm-2012.09/bin/../lib/gcc/arm-none-eabi/4.7.2/armv6-m/crtn.o
 .data          0x00000000        0x0 /home/mas/Projekt/arm-2012.09/bin/../lib/gcc/arm-none-eabi/4.7.2/armv6-m/crtn.o
 .bss           0x00000000        0x0 /home/mas/Projekt/arm-2012.09/bin/../lib/gcc/arm-none-eabi/4.7.2/armv6-m/crtn.o

Memory Configuration

Name             Origin             Length             Attributes
FLASH            0x08000000         0x00010000         xr
RAM              0x20000000         0x00002000         xrw
*default*        0x00000000         0xffffffff

Linker script and memory map

LOAD /home/mas/Projekt/arm-2012.09/bin/../lib/gcc/arm-none-eabi/4.7.2/armv6-m/crti.o
LOAD /home/mas/Projekt/arm-2012.09/bin/../lib/gcc/arm-none-eabi/4.7.2/armv6-m/crtbegin.o
LOAD /tmp/cc0EgTon.o
LOAD /tmp/cc5LQnVT.o
LOAD /tmp/ccitZD3z.o
LOAD /tmp/ccBxMbXd.o
LOAD Libraries/libstm32f0.a
START GROUP
LOAD /home/mas/Projekt/arm-2012.09/bin/../lib/gcc/arm-none-eabi/4.7.2/armv6-m/libgcc.a
LOAD /home/mas/Projekt/arm-2012.09/bin/../lib/gcc/arm-none-eabi/4.7.2/../../../../arm-none-eabi/lib/armv6-m/libc.a
END GROUP
LOAD /home/mas/Projekt/arm-2012.09/bin/../lib/gcc/arm-none-eabi/4.7.2/armv6-m/crtend.o
LOAD /home/mas/Projekt/arm-2012.09/bin/../lib/gcc/arm-none-eabi/4.7.2/armv6-m/crtn.o
                0x20002000                _estack = 0x20002000
                0x00000400                _Min_Heap_Size = 0x400
                0x00000400                _Min_Stack_Size = 0x400

.isr_vector     0x08000000       0xc4
                0x08000000                . = ALIGN (0x4)
 *(.isr_vector)
 .isr_vector    0x08000000       0xc4 /tmp/ccBxMbXd.o
                0x08000000                g_pfnVectors
                0x080000c4                . = ALIGN (0x4)

.text           0x080000c4     0x14f8
                0x080000c4                . = ALIGN (0x4)
 *(.text)
 .text          0x080000c4      0x1f8 Libraries/libstm32f0.a(stm32f0xx_gpio.o)
                0x080000c4                GPIO_DeInit
                0x08000168                GPIO_Init
                0x08000220                GPIO_StructInit
                0x08000238                GPIO_PinLockConfig
                0x0800025c                GPIO_ReadInputDataBit
                0x08000268                GPIO_ReadInputData
                0x0800026c                GPIO_ReadOutputDataBit
                0x08000278                GPIO_ReadOutputData
                0x0800027c                GPIO_SetBits
                0x08000280                GPIO_ResetBits
                0x08000284                GPIO_WriteBit
                0x08000294                GPIO_Write
                0x08000298                GPIO_PinAFConfig
 .text          0x080002bc       0x90 Libraries/libstm32f0.a(stm32f0xx_misc.o)
                0x080002bc                NVIC_Init
                0x08000314                NVIC_SystemLPConfig
                0x08000330                SysTick_CLKSourceConfig
 .text          0x0800034c      0x564 Libraries/libstm32f0.a(stm32f0xx_rcc.o)
                0x0800034c                RCC_DeInit
                0x080003ac                RCC_HSEConfig
                0x080003bc                RCC_AdjustHSICalibrationValue
                0x080003d0                RCC_HSICmd
                0x080003f0                RCC_AdjustHSI14CalibrationValue
                0x08000404                RCC_HSI14Cmd
                0x08000424                RCC_HSI14ADCRequestCmd
                0x08000444                RCC_LSEConfig
                0x08000464                RCC_LSEDriveConfig
                0x0800047c                RCC_LSICmd
                0x0800049c                RCC_PLLConfig
                0x080004bc                RCC_PLLCmd
                0x080004e0                RCC_PREDIV1Config
                0x080004f4                RCC_ClockSecuritySystemCmd
                0x08000518                RCC_MCOConfig
                0x08000524                RCC_SYSCLKConfig
                0x08000538                RCC_GetSYSCLKSource
                0x08000548                RCC_HCLKConfig
                0x0800055c                RCC_PCLKConfig
                0x08000574                RCC_ADCCLKConfig
                0x080005a8                RCC_CECCLKConfig
                0x080005c0                RCC_I2CCLKConfig
                0x080005d8                RCC_USARTCLKConfig
                0x080005f0                RCC_GetClocksFreq
                0x080006f8                RCC_RTCCLKConfig
                0x08000708                RCC_RTCCLKCmd
                0x0800072c                RCC_BackupResetCmd
                0x08000750                RCC_AHBPeriphClockCmd
                0x0800076c                RCC_APB2PeriphClockCmd
                0x08000788                RCC_APB1PeriphClockCmd
                0x080007a4                RCC_AHBPeriphResetCmd
                0x080007c0                RCC_APB2PeriphResetCmd
                0x080007dc                RCC_APB1PeriphResetCmd
                0x080007f8                RCC_ITConfig
                0x08000814                RCC_GetFlagStatus
                0x0800084c                RCC_WaitForHSEStartUp
                0x08000880                RCC_ClearFlag
                0x08000894                RCC_GetITStatus
                0x080008a4                RCC_ClearITPendingBit
 .text          0x080008b0      0x54c Libraries/libstm32f0.a(stm32f0xx_usart.o)
                0x080008b0                USART_DeInit
                0x080008f4                USART_Init
                0x08000994                USART_StructInit
                0x080009ac                USART_ClockInit
                0x080009cc                USART_ClockStructInit
                0x080009d8                USART_Cmd
                0x080009f4                USART_DirectionModeCmd
                0x08000a08                USART_OverSampling8Cmd
                0x08000a28                USART_OneBitMethodCmd
                0x08000a48                USART_MSBFirstCmd
                0x08000a68                USART_DataInvCmd
                0x08000a88                USART_InvPinCmd
                0x08000a9c                USART_SWAPPinCmd
                0x08000abc                USART_ReceiverTimeOutCmd
                0x08000adc                USART_SetReceiverTimeOut
                0x08000aec                USART_SetPrescaler
                0x08000afc                USART_STOPModeCmd
                0x08000b18                USART_StopModeWakeUpSourceConfig
                0x08000b2c                USART_AutoBaudRateCmd
                0x08000b4c                USART_AutoBaudRateConfig
                0x08000b60                USART_SendData
                0x08000b68                USART_ReceiveData
                0x08000b70                USART_SetAddress
                0x08000b84                USART_MuteModeCmd
                0x08000ba4                USART_MuteModeWakeUpConfig
                0x08000bb8                USART_AddressDetectionConfig
                0x08000bc8                USART_LINBreakDetectLengthConfig
                0x08000bd8                USART_LINCmd
                0x08000bf8                USART_HalfDuplexCmd
                0x08000c14                USART_SetGuardTime
                0x08000c28                USART_SmartCardCmd
                0x08000c44                USART_SmartCardNACKCmd
                0x08000c60                USART_SetAutoRetryCount
                0x08000c78                USART_SetBlockLength
                0x08000c8c                USART_IrDAConfig
                0x08000c9c                USART_IrDACmd
                0x08000cb8                USART_DECmd
                0x08000cd8                USART_DEPolarityConfig
                0x08000cec                USART_SetDEAssertionTime
                0x08000d04                USART_SetDEDeassertionTime
                0x08000d1c                USART_DMACmd
                0x08000d30                USART_DMAReceptionErrorConfig
                0x08000d44                USART_ITConfig
                0x08000d78                USART_RequestCmd
                0x08000d8c                USART_OverrunDetectionConfig
                0x08000da0                USART_GetFlagStatus
                0x08000dac                USART_ClearFlag
                0x08000db0                USART_GetITStatus
                0x08000df0                USART_ClearITPendingBit
 .text          0x08000dfc       0x9c /home/mas/Projekt/arm-2012.09/bin/../lib/gcc/arm-none-eabi/4.7.2/armv6-m/libgcc.a(_udivsi3.o)
                0x08000dfc                __udivsi3
                0x08000dfc                __aeabi_uidiv
                0x08000e84                __aeabi_uidivmod
 .text          0x08000e98        0x4 /home/mas/Projekt/arm-2012.09/bin/../lib/gcc/arm-none-eabi/4.7.2/armv6-m/libgcc.a(_dvmd_tls.o)
                0x08000e98                __aeabi_ldiv0
                0x08000e98                __aeabi_idiv0
 .text          0x08000e9c       0x44 /home/mas/Projekt/arm-2012.09/bin/../lib/gcc/arm-none-eabi/4.7.2/../../../../arm-none-eabi/lib/armv6-m/libc.a(lib_a-init.o)
                0x08000e9c                __libc_init_array
 *(.text.*)
 .text.USART1_Config
                0x08000ee0       0x98 /tmp/cc0EgTon.o
                0x08000ee0                USART1_Config
 .text.USART2_Config
                0x08000f78       0x94 /tmp/cc0EgTon.o
                0x08000f78                USART2_Config
 .text.LED_Config
                0x0800100c       0x58 /tmp/cc0EgTon.o
                0x0800100c                LED_Config
 .text.USART2_SetSpeed
                0x08001064       0x38 /tmp/cc0EgTon.o
                0x08001064                USART2_SetSpeed
 .text.TReset   0x0800109c       0x30 /tmp/cc0EgTon.o
                0x0800109c                TReset
 .text.TWriteByte
                0x080010cc       0x34 /tmp/cc0EgTon.o
                0x080010cc                TWriteByte
 .text.TReadByte
                0x08001100       0x40 /tmp/cc0EgTon.o
                0x08001100                TReadByte
 .text.TReadBit
                0x08001140       0x30 /tmp/cc0EgTon.o
                0x08001140                TReadBit
 .text.ConvertTemp
                0x08001170       0x24 /tmp/cc0EgTon.o
                0x08001170                ConvertTemp
 .text.ReadTemp
                0x08001194       0x54 /tmp/cc0EgTon.o
                0x08001194                ReadTemp
 .text.startup.main
                0x080011e8      0x128 /tmp/cc0EgTon.o
                0x080011e8                main
 .text.SystemInit
                0x08001310       0xf4 /tmp/cc5LQnVT.o
                0x08001310                SystemInit
 .text.NMI_Handler
                0x08001404        0x2 /tmp/ccitZD3z.o
                0x08001404                NMI_Handler
 .text.HardFault_Handler
                0x08001406        0x4 /tmp/ccitZD3z.o
                0x08001406                HardFault_Handler
 .text.SVC_Handler
                0x0800140a        0x2 /tmp/ccitZD3z.o
                0x0800140a                SVC_Handler
 .text.PendSV_Handler
                0x0800140c        0x2 /tmp/ccitZD3z.o
                0x0800140c                PendSV_Handler
 *fill*         0x0800140e        0x2 
 .text.USART1_IRQHandler
                0x08001410       0x90 /tmp/ccitZD3z.o
                0x08001410                USART1_IRQHandler
 .text.USART2_IRQHandler
                0x080014a0       0x68 /tmp/ccitZD3z.o
                0x080014a0                USART2_IRQHandler
 .text.SysTick_Handler
                0x08001508       0x48 /tmp/ccitZD3z.o
                0x08001508                SysTick_Handler
 .text.Reset_Handler
                0x08001550       0x50 /tmp/ccBxMbXd.o
                0x08001550                Reset_Handler
 .text.Default_Handler
                0x080015a0        0x2 /tmp/ccBxMbXd.o
                0x080015a0                TIM1_CC_IRQHandler
                0x080015a0                ADC1_COMP_IRQHandler
                0x080015a0                PVD_IRQHandler
                0x080015a0                I2C1_IRQHandler
                0x080015a0                SPI1_IRQHandler
                0x080015a0                TIM6_DAC_IRQHandler
                0x080015a0                EXTI2_3_IRQHandler
                0x080015a0                I2C2_IRQHandler
                0x080015a0                TIM17_IRQHandler
                0x080015a0                RTC_IRQHandler
                0x080015a0                TIM16_IRQHandler
                0x080015a0                TIM3_IRQHandler
                0x080015a0                EXTI4_15_IRQHandler
                0x080015a0                RCC_IRQHandler
                0x080015a0                DMA1_Channel1_IRQHandler
                0x080015a0                Default_Handler
                0x080015a0                CEC_IRQHandler
                0x080015a0                TIM14_IRQHandler
                0x080015a0                DMA1_Channel4_5_IRQHandler
                0x080015a0                TIM15_IRQHandler
                0x080015a0                EXTI0_1_IRQHandler
                0x080015a0                SPI2_IRQHandler
                0x080015a0                TS_IRQHandler
                0x080015a0                WWDG_IRQHandler
                0x080015a0                TIM2_IRQHandler
                0x080015a0                DMA1_Channel2_3_IRQHandler
                0x080015a0                FLASH_IRQHandler
                0x080015a0                TIM1_BRK_UP_TRG_COM_IRQHandler
 *(.rodata)
 *(.rodata*)
 *(.glue_7)
 .glue_7        0x00000000        0x0 linker stubs
 *(.glue_7t)
 .glue_7t       0x00000000        0x0 linker stubs
 *(.init)
 *fill*         0x080015a2        0x2 
 .init          0x080015a4        0x4 /home/mas/Projekt/arm-2012.09/bin/../lib/gcc/arm-none-eabi/4.7.2/armv6-m/crti.o
                0x080015a4                _init
 .init          0x080015a8        0x8 /home/mas/Projekt/arm-2012.09/bin/../lib/gcc/arm-none-eabi/4.7.2/armv6-m/crtn.o
 *(.fini)
 .fini          0x080015b0        0x4 /home/mas/Projekt/arm-2012.09/bin/../lib/gcc/arm-none-eabi/4.7.2/armv6-m/crti.o
                0x080015b0                _fini
 .fini          0x080015b4        0x8 /home/mas/Projekt/arm-2012.09/bin/../lib/gcc/arm-none-eabi/4.7.2/armv6-m/crtn.o
                0x080015bc                . = ALIGN (0x4)
                0x080015bc                _etext = .
                0x080015bc                _sidata = _etext

.vfp11_veneer   0x080015bc        0x0
 .vfp11_veneer  0x00000000        0x0 linker stubs

.v4_bx          0x080015bc        0x0
 .v4_bx         0x00000000        0x0 linker stubs

.iplt           0x080015bc        0x0
 .iplt          0x00000000        0x0 /home/mas/Projekt/arm-2012.09/bin/../lib/gcc/arm-none-eabi/4.7.2/armv6-m/crtbegin.o

.rel.dyn        0x080015bc        0x0
 .rel.iplt      0x00000000        0x0 /home/mas/Projekt/arm-2012.09/bin/../lib/gcc/arm-none-eabi/4.7.2/armv6-m/crtbegin.o

.data           0x20000000       0x14 load address 0x080015bc
                0x20000000                . = ALIGN (0x4)
                0x20000000                _sdata = .
                0x20000000                _data = .
 *(.data)
 .data          0x20000000       0x10 Libraries/libstm32f0.a(stm32f0xx_rcc.o)
 *(.data.*)
 .data.SystemCoreClock
                0x20000010        0x4 /tmp/cc5LQnVT.o
                0x20000010                SystemCoreClock
 *(.RAMtext)
                0x20000014                . = ALIGN (0x4)
                0x20000014                _edata = .

.igot.plt       0x20000014        0x0 load address 0x080015d0
 .igot.plt      0x00000000        0x0 /home/mas/Projekt/arm-2012.09/bin/../lib/gcc/arm-none-eabi/4.7.2/armv6-m/crtbegin.o

.bss            0x20000014       0x28 load address 0x080015d0
                0x20000014                . = ALIGN (0x4)
                0x20000014                _sbss = .
                0x20000014                _bss = .
 *(.bss)
 *(.bss.*)
 .bss.done      0x20000014        0x4 /tmp/ccitZD3z.o
                0x20000014                done
 .bss.convert   0x20000018        0x4 /tmp/ccitZD3z.o
                0x20000018                convert
 .bss.temperature
                0x2000001c        0x1 /tmp/ccitZD3z.o
                0x2000001c                temperature
 *fill*         0x2000001d        0x3 
 .bss.setvalues
                0x20000020        0x4 /tmp/ccitZD3z.o
                0x20000020                setvalues
 .bss.count     0x20000024        0x4 /tmp/ccitZD3z.o
                0x20000024                count
 .bss.input     0x20000028        0x1 /tmp/ccitZD3z.o
                0x20000028                input
 .bss.values    0x20000029        0x2 /tmp/ccitZD3z.o
                0x20000029                values
 *fill*         0x2000002b        0x1 
 .bss.c         0x2000002c        0x4 /tmp/ccitZD3z.o
                0x2000002c                c
 *(COMMON)
 COMMON         0x20000030        0x9 /tmp/cc0EgTon.o
                0x20000030                scratchpad
                0x2000003c                . = ALIGN (0x4)
 *fill*         0x20000039        0x3 
                0x2000003c                _ebss = .
                0x2000003c                PROVIDE (end, _ebss)
                0x2000003c                PROVIDE (_end, _ebss)
                0x2000003c                __exidx_start = .
                0x2000003c                __exidx_end = .

._user_heap_stack
                0x2000003c      0x800 load address 0x080015f8
                0x2000003c                . = ALIGN (0x4)
                0x2000003c                PROVIDE (end, .)
                0x2000003c                PROVIDE (_end, .)
                0x2000043c                . = (. + _Min_Heap_Size)
 *fill*         0x2000003c      0x400 
                0x2000083c                . = (. + _Min_Stack_Size)
 *fill*         0x2000043c      0x400 
                0x2000083c                . = ALIGN (0x4)

/DISCARD/
 libc.a(*)
 libm.a(*)
 libgcc.a(*)

.stab
 *(.stab)

.stabstr
 *(.stabstr)

.stab.excl
 *(.stab.excl)

.stab.exclstr
 *(.stab.exclstr)

.stab.index
 *(.stab.index)

.stab.indexstr
 *(.stab.indexstr)

.comment        0x00000000       0x30
 *(.comment)
 .comment       0x00000000       0x30 /tmp/cc0EgTon.o
                                 0x31 (size before relaxing)
 .comment       0x00000000       0x31 /tmp/cc5LQnVT.o
 .comment       0x00000000       0x31 /tmp/ccitZD3z.o
 .comment       0x00000000       0x31 Libraries/libstm32f0.a(stm32f0xx_gpio.o)
 .comment       0x00000000       0x31 Libraries/libstm32f0.a(stm32f0xx_misc.o)
 .comment       0x00000000       0x31 Libraries/libstm32f0.a(stm32f0xx_rcc.o)
 .comment       0x00000000       0x31 Libraries/libstm32f0.a(stm32f0xx_usart.o)

.ARM.attributes
                0x00000000       0x2d
 .ARM.attributes
                0x00000000       0x1d /home/mas/Projekt/arm-2012.09/bin/../lib/gcc/arm-none-eabi/4.7.2/armv6-m/crti.o
 .ARM.attributes
                0x0000001d       0x31 /tmp/cc0EgTon.o
 .ARM.attributes
                0x0000004e       0x31 /tmp/cc5LQnVT.o
 .ARM.attributes
                0x0000007f       0x31 /tmp/ccitZD3z.o
 .ARM.attributes
                0x000000b0       0x21 /tmp/ccBxMbXd.o
 .ARM.attributes
                0x000000d1       0x31 Libraries/libstm32f0.a(stm32f0xx_gpio.o)
 .ARM.attributes
                0x00000102       0x31 Libraries/libstm32f0.a(stm32f0xx_misc.o)
 .ARM.attributes
                0x00000133       0x31 Libraries/libstm32f0.a(stm32f0xx_rcc.o)
 .ARM.attributes
                0x00000164       0x31 Libraries/libstm32f0.a(stm32f0xx_usart.o)
 .ARM.attributes
                0x00000195       0x1d /home/mas/Projekt/arm-2012.09/bin/../lib/gcc/arm-none-eabi/4.7.2/armv6-m/libgcc.a(_udivsi3.o)
 .ARM.attributes
                0x000001b2       0x1d /home/mas/Projekt/arm-2012.09/bin/../lib/gcc/arm-none-eabi/4.7.2/armv6-m/libgcc.a(_dvmd_tls.o)
 .ARM.attributes
                0x000001cf       0x2b /home/mas/Projekt/arm-2012.09/bin/../lib/gcc/arm-none-eabi/4.7.2/../../../../arm-none-eabi/lib/armv6-m/libc.a(lib_a-init.o)
 .ARM.attributes
                0x000001fa       0x1d /home/mas/Projekt/arm-2012.09/bin/../lib/gcc/arm-none-eabi/4.7.2/armv6-m/crtn.o

.debug
 *(.debug)

.line
 *(.line)

.debug_srcinfo
 *(.debug_srcinfo)

.debug_sfnames
 *(.debug_sfnames)

.debug_aranges  0x00000000      0x190
 *(.debug_aranges)
 .debug_aranges
                0x00000000       0x70 /tmp/cc0EgTon.o
 .debug_aranges
                0x00000070       0x28 /tmp/cc5LQnVT.o
 .debug_aranges
                0x00000098       0x50 /tmp/ccitZD3z.o
 .debug_aranges
                0x000000e8       0x28 /tmp/ccBxMbXd.o
 .debug_aranges
                0x00000110       0x20 Libraries/libstm32f0.a(stm32f0xx_gpio.o)
 .debug_aranges
                0x00000130       0x20 Libraries/libstm32f0.a(stm32f0xx_misc.o)
 .debug_aranges
                0x00000150       0x20 Libraries/libstm32f0.a(stm32f0xx_rcc.o)
 .debug_aranges
                0x00000170       0x20 Libraries/libstm32f0.a(stm32f0xx_usart.o)

.debug_pubnames
 *(.debug_pubnames)

.debug_info     0x00000000     0x3f27
 *(.debug_info .gnu.linkonce.wi.*)
 .debug_info    0x00000000      0xfcb /tmp/cc0EgTon.o
 .debug_info    0x00000fcb      0x332 /tmp/cc5LQnVT.o
 .debug_info    0x000012fd      0x69a /tmp/ccitZD3z.o
 .debug_info    0x00001997       0x59 /tmp/ccBxMbXd.o
 .debug_info    0x000019f0      0x735 Libraries/libstm32f0.a(stm32f0xx_gpio.o)
 .debug_info    0x00002125      0x39c Libraries/libstm32f0.a(stm32f0xx_misc.o)
 .debug_info    0x000024c1      0xa88 Libraries/libstm32f0.a(stm32f0xx_rcc.o)
 .debug_info    0x00002f49      0xfde Libraries/libstm32f0.a(stm32f0xx_usart.o)

.debug_abbrev   0x00000000      0xd3b
 *(.debug_abbrev)
 .debug_abbrev  0x00000000      0x2b2 /tmp/cc0EgTon.o
 .debug_abbrev  0x000002b2      0x150 /tmp/cc5LQnVT.o
 .debug_abbrev  0x00000402      0x19e /tmp/ccitZD3z.o
 .debug_abbrev  0x000005a0       0x12 /tmp/ccBxMbXd.o
 .debug_abbrev  0x000005b2      0x1ec Libraries/libstm32f0.a(stm32f0xx_gpio.o)
 .debug_abbrev  0x0000079e      0x136 Libraries/libstm32f0.a(stm32f0xx_misc.o)
 .debug_abbrev  0x000008d4      0x266 Libraries/libstm32f0.a(stm32f0xx_rcc.o)
 .debug_abbrev  0x00000b3a      0x201 Libraries/libstm32f0.a(stm32f0xx_usart.o)

.debug_line     0x00000000     0x10e5
 *(.debug_line)
 .debug_line    0x00000000      0x36c /tmp/cc0EgTon.o
 .debug_line    0x0000036c      0x152 /tmp/cc5LQnVT.o
 .debug_line    0x000004be      0x1b0 /tmp/ccitZD3z.o
 .debug_line    0x0000066e       0x7c /tmp/ccBxMbXd.o
 .debug_line    0x000006ea      0x1d7 Libraries/libstm32f0.a(stm32f0xx_gpio.o)
 .debug_line    0x000008c1      0x169 Libraries/libstm32f0.a(stm32f0xx_misc.o)
 .debug_line    0x00000a2a      0x347 Libraries/libstm32f0.a(stm32f0xx_rcc.o)
 .debug_line    0x00000d71      0x374 Libraries/libstm32f0.a(stm32f0xx_usart.o)

.debug_frame    0x00000000      0xaf8
 *(.debug_frame)
 .debug_frame   0x00000000      0x13c /tmp/cc0EgTon.o
 .debug_frame   0x0000013c       0x48 /tmp/cc5LQnVT.o
 .debug_frame   0x00000184       0xa0 /tmp/ccitZD3z.o
 .debug_frame   0x00000224      0x11c Libraries/libstm32f0.a(stm32f0xx_gpio.o)
 .debug_frame   0x00000340       0x5c Libraries/libstm32f0.a(stm32f0xx_misc.o)
 .debug_frame   0x0000039c      0x320 Libraries/libstm32f0.a(stm32f0xx_rcc.o)
 .debug_frame   0x000006bc      0x3f0 Libraries/libstm32f0.a(stm32f0xx_usart.o)
 .debug_frame   0x00000aac       0x20 /home/mas/Projekt/arm-2012.09/bin/../lib/gcc/arm-none-eabi/4.7.2/armv6-m/libgcc.a(_udivsi3.o)
 .debug_frame   0x00000acc       0x2c /home/mas/Projekt/arm-2012.09/bin/../lib/gcc/arm-none-eabi/4.7.2/../../../../arm-none-eabi/lib/armv6-m/libc.a(lib_a-init.o)

.debug_str      0x00000000     0x1571
 *(.debug_str)
 .debug_str     0x00000000      0x725 /tmp/cc0EgTon.o
                                0x773 (size before relaxing)
 .debug_str     0x00000725       0xf8 /tmp/cc5LQnVT.o
                                0x1ee (size before relaxing)
 .debug_str     0x0000081d       0xbb /tmp/ccitZD3z.o
                                0x27d (size before relaxing)
 .debug_str     0x000008d8      0x19d Libraries/libstm32f0.a(stm32f0xx_gpio.o)
                                0x42a (size before relaxing)
 .debug_str     0x00000a75       0xa0 Libraries/libstm32f0.a(stm32f0xx_misc.o)
                                0x279 (size before relaxing)
 .debug_str     0x00000b15      0x463 Libraries/libstm32f0.a(stm32f0xx_rcc.o)
                                0x69d (size before relaxing)
 .debug_str     0x00000f78      0x5f9 Libraries/libstm32f0.a(stm32f0xx_usart.o)
                                0x90b (size before relaxing)

.debug_loc      0x00000000     0x20b5
 *(.debug_loc)
 .debug_loc     0x00000000      0x2bd /tmp/cc0EgTon.o
 .debug_loc     0x000002bd      0x19e /tmp/cc5LQnVT.o
 .debug_loc     0x0000045b       0x9e /tmp/ccitZD3z.o
 .debug_loc     0x000004f9      0x3f9 Libraries/libstm32f0.a(stm32f0xx_gpio.o)
 .debug_loc     0x000008f2      0x130 Libraries/libstm32f0.a(stm32f0xx_misc.o)
 .debug_loc     0x00000a22      0xa8b Libraries/libstm32f0.a(stm32f0xx_rcc.o)
 .debug_loc     0x000014ad      0xc08 Libraries/libstm32f0.a(stm32f0xx_usart.o)

.debug_macinfo
 *(.debug_macinfo)

.debug_weaknames
 *(.debug_weaknames)

.debug_funcnames
 *(.debug_funcnames)

.debug_typenames
 *(.debug_typenames)

.debug_varnames
 *(.debug_varnames)
OUTPUT(kit/main.elf elf32-littlearm)

.debug_ranges   0x00000000      0x150
 .debug_ranges  0x00000000       0xa8 /tmp/cc0EgTon.o
 .debug_ranges  0x000000a8       0x48 /tmp/cc5LQnVT.o
 .debug_ranges  0x000000f0       0x40 /tmp/ccitZD3z.o
 .debug_ranges  0x00000130       0x20 /tmp/ccBxMbXd.o
